<html>
<body>
<pre>
<h1>µVision Build Log</h1>
<h2>Tool Versions:</h2>
IDE-Version: £gVision V5.42.0.0
Copyright (C) 2025 ARM Ltd and ARM Germany GmbH. All rights reserved.
License Information: ¿à ¬f¦t, cyut, LIC=RC93N-Y1G9Q-MM29I-TZ28M-JCCLJ-4VJ6G
 
Tool Versions:
Toolchain:       MDK-ARM Plus  Version: 5.42.0.0
Toolchain Path:  D:\Keil_v5\ARM\ARMCC\Bin
C Compiler:      Armcc.exe V5.06 update 7 (build 960)
Assembler:       Armasm.exe V5.06 update 7 (build 960)
Linker/Locator:  ArmLink.exe V5.06 update 7 (build 960)
Library Manager: ArmAr.exe V5.06 update 7 (build 960)
Hex Converter:   FromElf.exe V5.06 update 7 (build 960)
CPU DLL:         SARMCM3.DLL V5.42.0.0
Dialog DLL:      DCM.DLL V1.17.5.0
Target DLL:      STLink\ST-LINKIII-KEIL_SWO.dll V3.3.0.0
Dialog DLL:      TCM.DLL V1.56.6.0
 
<h2>Project:</h2>
D:\GitHub_workspace\STM32_SHT3X\hardware_i2c_sht3x\Project.uvprojx
Project File Date:  03/08/2026

<h2>Output:</h2>
*** Using Compiler 'V5.06 update 7 (build 960)', folder: 'D:\Keil_v5\ARM\ARMCC\Bin'
Build target 'Target_1'
assembling startup_stm32f10x_md.s...
compiling core_cm3.c...
compiling stm32f10x_crc.c...
compiling stm32f10x_dbgmcu.c...
compiling misc.c...
compiling stm32f10x_cec.c...
compiling stm32f10x_bkp.c...
compiling system_stm32f10x.c...
compiling stm32f10x_dac.c...
compiling stm32f10x_dma.c...
compiling stm32f10x_adc.c...
compiling stm32f10x_can.c...
compiling stm32f10x_exti.c...
compiling stm32f10x_i2c.c...
compiling stm32f10x_pwr.c...
compiling stm32f10x_iwdg.c...
compiling stm32f10x_gpio.c...
compiling stm32f10x_fsmc.c...
compiling stm32f10x_flash.c...
compiling stm32f10x_rtc.c...
compiling stm32f10x_rcc.c...
compiling stm32f10x_sdio.c...
compiling stm32f10x_spi.c...
compiling stm32f10x_tim.c...
compiling stm32f10x_wwdg.c...
compiling stm32f10x_usart.c...
compiling SHT3X.c...
compiling Key.c...
compiling main.c...
.\Hardware\Mpu6050.h(6): warning:  #1295-D: Deprecated declaration Mpu6050_Init - give arg types
  void Mpu6050_Init();
.\Hardware\SHT3X.h(9): warning:  #1-D: last line of file ends without a newline
  #endif
User\main.c: 2 warnings, 0 errors
compiling Delay.c...
compiling LED.c...
Hardware\LED.c(55): warning:  #1-D: last line of file ends without a newline
  }
Hardware\LED.c: 1 warning, 0 errors
compiling Mpu6050.c...
Hardware\Mpu6050_Reg.h(29): warning:  #1-D: last line of file ends without a newline
  #endif
Hardware\Mpu6050.c: 1 warning, 0 errors
compiling OLED.c...
compiling stm32f10x_it.c...
linking...
Program Size: Code=3060 RO-data=1788 RW-data=24 ZI-data=1632  
".\Objects\Project.axf" - 0 Error(s), 4 Warning(s).

<h2>Software Packages used:</h2>

Package Vendor: Keil
                http://www.keil.com/pack/Keil.STM32F1xx_DFP.2.2.0.pack
                Keil::STM32F1xx_DFP@2.2.0
                STMicroelectronics STM32F1 Series Device Support, Drivers and Examples

<h2>Collection of Component include folders:</h2>
  D:/Packs/Keil/STM32F1xx_DFP/2.2.0/Device/Include

<h2>Collection of Component Files used:</h2>
Build Time Elapsed:  00:00:04
</pre>
</body>
</html>
